<!DOCTYPE html>
<HTML>
<HEAD>
<META charset="UTF-8">
<STYLE type="text/css">
#online {
	text-align: center;
	color: red;
}
</STYLE>
<STYLE type="text/css">
#linebreak {
	text-align: center;
	color: red;
}
</STYLE>
<STYLE type="text/css">
#tagindent {
	text-align: center;
	color: red;
}
</STYLE>
<STYLE type="text/css">
#emptylines {
	text-align: center;
	color: red;
}
</STYLE>
<STYLE type="text/css">
#notype {
	text-align: center;
	color: red;
}
</STYLE>
<STYLE type="text/css"></STYLE>
</HEAD>
<BODY>
</BODY>
</HTML>