<!DOCTYPE html PUBLIC "-//W3C//DTD HTML 4.01 Strict//EN" "http://www.w3.org/TR/html4/strict.dtd">
<HTML>
<BODY>
	Before
	<BR> After
	<!-- Only treated correctly by HTML5 model -->
	<NAV>
	<A></A></NAV>
</BODY>
</HTML>