<!DOCTYPE html>
<HTML>
<HEAD>
<META http-equiv="Content-Type" content="text/html; charset=UTF-8">
<TITLE>T<WHATSOEVER></WHATSOEVER></TITLE>
</HEAD>
</HTML>