<!DOCTYPE html>
<HTML>
<HEAD>
<META http-equiv="Content-Type" content="text/html; charset=UTF-8">
<SCRIPT type="text/javascript">
    console.log("One line")
</SCRIPT>
<SCRIPT type="text/javascript">
    console.log("Line break, no indent") ;
</SCRIPT>
<SCRIPT type="text/javascript">
    console.log("Line break, wrong indent")
</SCRIPT>
</HEAD>
<BODY>
	<NAV>
		<SCRIPT type="text/javascript">
            console.log("One line, nested")
        </SCRIPT>
		<SCRIPT type="text/javascript">
            console.log("Line break, no indent, nested")
        </SCRIPT>
		<SCRIPT type="text/javascript">
            console.log("Line break, wrong indent, nested") ;
        </SCRIPT>
		<SCRIPT type="text/javascript">
            console.log("Wrong tag indents")
        </SCRIPT>
		<SCRIPT type="text/javascript">
            console.log("Empty lines when closing.") ;
        </SCRIPT>
		<SCRIPT type="text/javascript">
            console.log("Script without type")
        </SCRIPT>
		<SCRIPT type="text/javascript"></SCRIPT>
		<SCRIPT type="text/javascript">
 if (condition) { console.log("Missing end of JS block")
        </SCRIPT>
	</NAV>
</BODY>
</HTML>