<!DOCTYPE html>
<HTML>
<HEAD>
<META charset="UTF-8">
<TITLE>ÄÜ€</TITLE>
</HEAD>
</HTML>